cargo : error: could not find `Cargo.toml` in `C:\KAI` or any parent directory
At line:1 char:1
+ cargo test --release > test_output.txt 2>&1 ; .\kai-bench.ps1 > bench ...
+ ~~~~~~~~~~~~~~~~~~~~~~~~~~~~~~~~~~~~~~~~~~~
    + CategoryInfo          : NotSpecified: (error: could no...arent directory:String) [], RemoteException
    + FullyQualifiedErrorId : NativeCommandError
 
